Archive member included because of file (symbol)

d:/CONSOLE/ATMEL/WINAVR/BIN/../lib/gcc/avr/3.4.3/avr4\libgcc.a(_exit.o)
                              XenoAT.o (exit)
d:/CONSOLE/ATMEL/WINAVR/BIN/../lib/gcc/avr/3.4.3/avr4\libgcc.a(_copy_data.o)
                              XenoAT.o (__do_copy_data)
d:/CONSOLE/ATMEL/WINAVR/BIN/../lib/gcc/avr/3.4.3/avr4\libgcc.a(_clear_bss.o)
                              XenoAT.o (__do_clear_bss)

Memory Configuration

Name             Origin             Length             Attributes
text             0x00000000         0x00002000         xr
data             0x00800060         0x0000ffa0         rw !x
eeprom           0x00810000         0x00010000         rw !x
*default*        0x00000000         0xffffffff

Linker script and memory map

LOAD d:/CONSOLE/ATMEL/WINAVR/BIN/../lib/gcc/avr/3.4.3/../../../../avr/lib/avr4/crtm8.o
LOAD XenoAT.o
LOAD qcode.o
LOAD d:/CONSOLE/ATMEL/WINAVR/BIN/../lib/gcc/avr/3.4.3/../../../../avr/lib/avr4\libm.a
LOAD d:/CONSOLE/ATMEL/WINAVR/BIN/../lib/gcc/avr/3.4.3/avr4\libgcc.a
LOAD d:/CONSOLE/ATMEL/WINAVR/BIN/../lib/gcc/avr/3.4.3/../../../../avr/lib/avr4\libc.a
LOAD d:/CONSOLE/ATMEL/WINAVR/BIN/../lib/gcc/avr/3.4.3/avr4\libgcc.a

.hash
 *(.hash)

.dynsym
 *(.dynsym)

.dynstr
 *(.dynstr)

.gnu.version
 *(.gnu.version)

.gnu.version_d
 *(.gnu.version_d)

.gnu.version_r
 *(.gnu.version_r)

.rel.init
 *(.rel.init)

.rela.init
 *(.rela.init)

.rel.text
 *(.rel.text)
 *(.rel.text.*)
 *(.rel.gnu.linkonce.t*)

.rela.text
 *(.rela.text)
 *(.rela.text.*)
 *(.rela.gnu.linkonce.t*)

.rel.fini
 *(.rel.fini)

.rela.fini
 *(.rela.fini)

.rel.rodata
 *(.rel.rodata)
 *(.rel.rodata.*)
 *(.rel.gnu.linkonce.r*)

.rela.rodata
 *(.rela.rodata)
 *(.rela.rodata.*)
 *(.rela.gnu.linkonce.r*)

.rel.data
 *(.rel.data)
 *(.rel.data.*)
 *(.rel.gnu.linkonce.d*)

.rela.data
 *(.rela.data)
 *(.rela.data.*)
 *(.rela.gnu.linkonce.d*)

.rel.ctors
 *(.rel.ctors)

.rela.ctors
 *(.rela.ctors)

.rel.dtors
 *(.rel.dtors)

.rela.dtors
 *(.rela.dtors)

.rel.got
 *(.rel.got)

.rela.got
 *(.rela.got)

.rel.bss
 *(.rel.bss)

.rela.bss
 *(.rela.bss)

.rel.plt
 *(.rel.plt)

.rela.plt
 *(.rela.plt)

.text           0x00000000     0x1e52
 *(.vectors)
 .vectors       0x00000000       0x26 d:/CONSOLE/ATMEL/WINAVR/BIN/../lib/gcc/avr/3.4.3/../../../../avr/lib/avr4/crtm8.o
                0x00000000                __vectors
                0x00000000                __vector_default
                0x00000026                __ctors_start = .
 *(.ctors)
                0x00000026                __ctors_end = .
                0x00000026                __dtors_start = .
 *(.dtors)
                0x00000026                __dtors_end = .
 *(.progmem.gcc*)
 *(.progmem*)
 .progmem.data  0x00000026       0x15 XenoAT.o
                0x0000003c                . = ALIGN (0x2)
 *fill*         0x0000003b        0x1 00
 *(.init0)
 *(.init1)
 *(.init2)
 .init2         0x0000003c        0xc d:/CONSOLE/ATMEL/WINAVR/BIN/../lib/gcc/avr/3.4.3/../../../../avr/lib/avr4/crtm8.o
 *(.init3)
 *(.init4)
 .init4         0x00000048       0x16 d:/CONSOLE/ATMEL/WINAVR/BIN/../lib/gcc/avr/3.4.3/avr4\libgcc.a(_copy_data.o)
                0x00000048                __do_copy_data
 .init4         0x0000005e       0x10 d:/CONSOLE/ATMEL/WINAVR/BIN/../lib/gcc/avr/3.4.3/avr4\libgcc.a(_clear_bss.o)
                0x0000005e                __do_clear_bss
 *(.init5)
 *(.init6)
 *(.init7)
 *(.init8)
 *(.init9)
 .init9         0x0000006e        0x2 d:/CONSOLE/ATMEL/WINAVR/BIN/../lib/gcc/avr/3.4.3/../../../../avr/lib/avr4/crtm8.o
 *(.text)
 .text          0x00000070        0x2 d:/CONSOLE/ATMEL/WINAVR/BIN/../lib/gcc/avr/3.4.3/../../../../avr/lib/avr4/crtm8.o
                0x00000070                __vector_1
                0x00000070                __vector_12
                0x00000070                __bad_interrupt
                0x00000070                __vector_6
                0x00000070                __vector_3
                0x00000070                __vector_11
                0x00000070                __vector_13
                0x00000070                __vector_17
                0x00000070                __vector_7
                0x00000070                __vector_5
                0x00000070                __vector_4
                0x00000070                __vector_9
                0x00000070                __vector_2
                0x00000070                __vector_15
                0x00000070                __vector_8
                0x00000070                __vector_14
                0x00000070                __vector_10
                0x00000070                __vector_16
                0x00000070                __vector_18
 .text          0x00000072      0x4d8 XenoAT.o
                0x000002d0                write_word_norecv
                0x00000172                io8
                0x000000d2                reset
                0x000001ba                read_mem
                0x000000d8                send8
                0x00000082                io
                0x0000039c                ldelay
                0x000003da                main
                0x0000032c                write_block
                0x00000072                delay
                0x0000026c                write_word
                0x00000124                recv8
 *fill*         0x0000054a        0x2 00
 .text          0x0000054c     0x1904 qcode.o
                0x00000f50                credits
                0x0000054c                qcode
                0x00000f4f                upload_end
                0x00000e70                upload
                0x00000e70                qcode_end
                0x00001e50                credits_end
                0x00001e50                . = ALIGN (0x2)
 *(.text.*)
                0x00001e50                . = ALIGN (0x2)
 *(.fini9)
 *(.fini8)
 *(.fini7)
 *(.fini6)
 *(.fini5)
 *(.fini4)
 *(.fini3)
 *(.fini2)
 *(.fini1)
 *(.fini0)
 .fini0         0x00001e50        0x2 d:/CONSOLE/ATMEL/WINAVR/BIN/../lib/gcc/avr/3.4.3/avr4\libgcc.a(_exit.o)
                0x00001e52                _etext = .

.data           0x00800060        0x0 load address 0x00001e52
                0x00800060                PROVIDE (__data_start, .)
 *(.data)
 *(.gnu.linkonce.d*)
                0x00800060                . = ALIGN (0x2)
                0x00800060                _edata = .
                0x00800060                PROVIDE (__data_end, .)

.bss            0x00800060        0x2
                0x00800060                PROVIDE (__bss_start, .)
 *(.bss)
 .bss           0x00800060        0x2 XenoAT.o
                0x00800060                ndelay
 *(COMMON)
                0x00800062                PROVIDE (__bss_end, .)
                0x00001e52                __data_load_start = LOADADDR (.data)
                0x00001e52                __data_load_end = (__data_load_start + SIZEOF (.data))

.noinit         0x00800062        0x0
                0x00800062                PROVIDE (__noinit_start, .)
 *(.noinit*)
                0x00800062                PROVIDE (__noinit_end, .)
                0x00800062                _end = .
                0x00800062                PROVIDE (__heap_start, .)

.eeprom         0x00810000        0x0
 *(.eeprom*)
                0x00810000                __eeprom_end = .

.stab           0x00000000       0x18
 *(.stab)
 .stab          0x00000000       0x18 qcode.o

.stabstr        0x00000000       0x14
 *(.stabstr)
 .stabstr       0x00000000       0x14 qcode.o
                                  0x0 (size before relaxing)

.stab.excl
 *(.stab.excl)

.stab.exclstr
 *(.stab.exclstr)

.stab.index
 *(.stab.index)

.stab.indexstr
 *(.stab.indexstr)

.comment
 *(.comment)

.debug
 *(.debug)

.line
 *(.line)

.debug_srcinfo
 *(.debug_srcinfo)

.debug_sfnames
 *(.debug_sfnames)

.debug_aranges  0x00000000       0x14
 *(.debug_aranges)
 .debug_aranges
                0x00000000       0x14 XenoAT.o

.debug_pubnames
                0x00000000       0xaa
 *(.debug_pubnames)
 .debug_pubnames
                0x00000000       0xaa XenoAT.o

.debug_info     0x00000000      0x5f8
 *(.debug_info)
 .debug_info    0x00000000      0x5f8 XenoAT.o
 *(.gnu.linkonce.wi.*)

.debug_abbrev   0x00000000      0x209
 *(.debug_abbrev)
 .debug_abbrev  0x00000000      0x209 XenoAT.o

.debug_line     0x00000000      0x453
 *(.debug_line)
 .debug_line    0x00000000      0x453 XenoAT.o

.debug_frame
 *(.debug_frame)

.debug_str      0x00000000      0x1b4
 *(.debug_str)
 .debug_str     0x00000000      0x1b4 XenoAT.o
                                0x212 (size before relaxing)

.debug_loc
 *(.debug_loc)

.debug_macinfo
 *(.debug_macinfo)
OUTPUT(XenoAT.elf elf32-avr)

Cross Reference Table

Symbol                                            File
__bad_interrupt                                   d:/CONSOLE/ATMEL/WINAVR/BIN/../lib/gcc/avr/3.4.3/../../../../avr/lib/avr4/crtm8.o
__bss_end                                         d:/CONSOLE/ATMEL/WINAVR/BIN/../lib/gcc/avr/3.4.3/avr4\libgcc.a(_clear_bss.o)
__bss_start                                       d:/CONSOLE/ATMEL/WINAVR/BIN/../lib/gcc/avr/3.4.3/avr4\libgcc.a(_clear_bss.o)
__data_end                                        d:/CONSOLE/ATMEL/WINAVR/BIN/../lib/gcc/avr/3.4.3/avr4\libgcc.a(_copy_data.o)
__data_load_start                                 d:/CONSOLE/ATMEL/WINAVR/BIN/../lib/gcc/avr/3.4.3/avr4\libgcc.a(_copy_data.o)
__data_start                                      d:/CONSOLE/ATMEL/WINAVR/BIN/../lib/gcc/avr/3.4.3/avr4\libgcc.a(_copy_data.o)
__do_clear_bss                                    d:/CONSOLE/ATMEL/WINAVR/BIN/../lib/gcc/avr/3.4.3/avr4\libgcc.a(_clear_bss.o)
                                                  XenoAT.o
__do_copy_data                                    d:/CONSOLE/ATMEL/WINAVR/BIN/../lib/gcc/avr/3.4.3/avr4\libgcc.a(_copy_data.o)
                                                  XenoAT.o
__heap_end                                        d:/CONSOLE/ATMEL/WINAVR/BIN/../lib/gcc/avr/3.4.3/../../../../avr/lib/avr4/crtm8.o
__init                                            d:/CONSOLE/ATMEL/WINAVR/BIN/../lib/gcc/avr/3.4.3/../../../../avr/lib/avr4/crtm8.o
__stack                                           d:/CONSOLE/ATMEL/WINAVR/BIN/../lib/gcc/avr/3.4.3/../../../../avr/lib/avr4/crtm8.o
                                                  XenoAT.o
__vector_1                                        d:/CONSOLE/ATMEL/WINAVR/BIN/../lib/gcc/avr/3.4.3/../../../../avr/lib/avr4/crtm8.o
__vector_10                                       d:/CONSOLE/ATMEL/WINAVR/BIN/../lib/gcc/avr/3.4.3/../../../../avr/lib/avr4/crtm8.o
__vector_11                                       d:/CONSOLE/ATMEL/WINAVR/BIN/../lib/gcc/avr/3.4.3/../../../../avr/lib/avr4/crtm8.o
__vector_12                                       d:/CONSOLE/ATMEL/WINAVR/BIN/../lib/gcc/avr/3.4.3/../../../../avr/lib/avr4/crtm8.o
__vector_13                                       d:/CONSOLE/ATMEL/WINAVR/BIN/../lib/gcc/avr/3.4.3/../../../../avr/lib/avr4/crtm8.o
__vector_14                                       d:/CONSOLE/ATMEL/WINAVR/BIN/../lib/gcc/avr/3.4.3/../../../../avr/lib/avr4/crtm8.o
__vector_15                                       d:/CONSOLE/ATMEL/WINAVR/BIN/../lib/gcc/avr/3.4.3/../../../../avr/lib/avr4/crtm8.o
__vector_16                                       d:/CONSOLE/ATMEL/WINAVR/BIN/../lib/gcc/avr/3.4.3/../../../../avr/lib/avr4/crtm8.o
__vector_17                                       d:/CONSOLE/ATMEL/WINAVR/BIN/../lib/gcc/avr/3.4.3/../../../../avr/lib/avr4/crtm8.o
__vector_18                                       d:/CONSOLE/ATMEL/WINAVR/BIN/../lib/gcc/avr/3.4.3/../../../../avr/lib/avr4/crtm8.o
__vector_2                                        d:/CONSOLE/ATMEL/WINAVR/BIN/../lib/gcc/avr/3.4.3/../../../../avr/lib/avr4/crtm8.o
__vector_3                                        d:/CONSOLE/ATMEL/WINAVR/BIN/../lib/gcc/avr/3.4.3/../../../../avr/lib/avr4/crtm8.o
__vector_4                                        d:/CONSOLE/ATMEL/WINAVR/BIN/../lib/gcc/avr/3.4.3/../../../../avr/lib/avr4/crtm8.o
__vector_5                                        d:/CONSOLE/ATMEL/WINAVR/BIN/../lib/gcc/avr/3.4.3/../../../../avr/lib/avr4/crtm8.o
__vector_6                                        d:/CONSOLE/ATMEL/WINAVR/BIN/../lib/gcc/avr/3.4.3/../../../../avr/lib/avr4/crtm8.o
__vector_7                                        d:/CONSOLE/ATMEL/WINAVR/BIN/../lib/gcc/avr/3.4.3/../../../../avr/lib/avr4/crtm8.o
__vector_8                                        d:/CONSOLE/ATMEL/WINAVR/BIN/../lib/gcc/avr/3.4.3/../../../../avr/lib/avr4/crtm8.o
__vector_9                                        d:/CONSOLE/ATMEL/WINAVR/BIN/../lib/gcc/avr/3.4.3/../../../../avr/lib/avr4/crtm8.o
__vector_default                                  d:/CONSOLE/ATMEL/WINAVR/BIN/../lib/gcc/avr/3.4.3/../../../../avr/lib/avr4/crtm8.o
__vectors                                         d:/CONSOLE/ATMEL/WINAVR/BIN/../lib/gcc/avr/3.4.3/../../../../avr/lib/avr4/crtm8.o
_exit                                             d:/CONSOLE/ATMEL/WINAVR/BIN/../lib/gcc/avr/3.4.3/avr4\libgcc.a(_exit.o)
credits                                           qcode.o
                                                  XenoAT.o
credits_end                                       qcode.o
                                                  XenoAT.o
delay                                             XenoAT.o
exit                                              d:/CONSOLE/ATMEL/WINAVR/BIN/../lib/gcc/avr/3.4.3/avr4\libgcc.a(_exit.o)
                                                  XenoAT.o
io                                                XenoAT.o
io8                                               XenoAT.o
ldelay                                            XenoAT.o
main                                              XenoAT.o
                                                  d:/CONSOLE/ATMEL/WINAVR/BIN/../lib/gcc/avr/3.4.3/../../../../avr/lib/avr4/crtm8.o
ndelay                                            XenoAT.o
qcode                                             qcode.o
                                                  XenoAT.o
qcode_end                                         qcode.o
                                                  XenoAT.o
read_mem                                          XenoAT.o
recv8                                             XenoAT.o
reset                                             XenoAT.o
send8                                             XenoAT.o
upload                                            qcode.o
                                                  XenoAT.o
upload_end                                        qcode.o
                                                  XenoAT.o
write_block                                       XenoAT.o
write_word                                        XenoAT.o
write_word_norecv                                 XenoAT.o
